// Jest Snapshot v1, https://goo.gl/fbAQLP

exports[`successfully render the application in initial state 1`] = `
<div>
  Hello world
</div>
`;
